API Key #1 (ak_1dV6I...) 遇到 429 限流，冷却 60s
API Key #2 (ak_17T6a...) 遇到 429 限流，冷却 60s
API Key #3 (ak_1Oj6K...) 遇到 429 限流，冷却 60s
==================================================
测试 API Key 轮换机制
==================================================

总 Key 数量: 5
可用 Key 数量: 5
当前 Key: ak_1dV6Ir1...

模拟 429 限流:
  轮次 1: ak_1dV6I... -> ak_17T6a..., 成功: True
          可用: 4/5
  轮次 2: ak_17T6a... -> ak_1Oj6K..., 成功: True
          可用: 3/5
  轮次 3: ak_1Oj6K... -> ak_1vn3v..., 成功: True
          可用: 2/5

Key 状态:
  Key #1 (ak_1dV6I...): ⏳ 冷却中
  Key #2 (ak_17T6a...): ⏳ 冷却中
  Key #3 (ak_1Oj6K...): ⏳ 冷却中
  Key #4 (ak_1vn3v...): ✓ 可用 ← 当前
  Key #5 (ak_1Jx6j...): ✓ 可用

✅ 测试完成!
